// Jest Snapshot v1, https://goo.gl/fbAQLP

exports[`main component testing renders for snapshot 1`] = `
<div
  id="main"
>
  main
</div>
`;
